3 3 10 22600 (h1: 5)
3 3 10 22600 (h2: 5)
3 3 16 19040 (h1: 6)
3 3 16 19040 (h2: 6)
3 3 16 30956 (h1: 5)
3 3 16 30956 (h2: 5)
3 3 4 1930 (h1: 4)
3 3 4 20600 (h1: 4)
3 3 4 8366 (h1: 5)
3 3 4 8366 (h2: 5)
3 3 8 18977 (h1: 5)
3 3 8 18977 (h2: 5)
3 3 8 8012 (h1: 5)
3 3 8 8012 (h2: 5)
4 4 10 11135 (h1: 7)
4 4 10 11135 (h2: 7)
4 4 10 14928 (h1: 9)
4 4 10 14928 (h2: 9)
4 4 10 18375 (h2: 8)
4 4 10 2070 (h1: 9)
4 4 10 23470 (h2: 9)
4 4 10 24772 (h2: 7)
4 4 10 6283 (h2: 9)
4 4 10 8479 (h2: 8)
4 4 16 12402 (h2: 9)
4 4 16 18295 (h1: 9)
4 4 16 18295 (h2: 9)
4 4 16 20112 (h1: 9)
4 4 16 21473 (h2: 10)
4 4 16 4696 (h2: 7)
4 4 16 9419 (h2: 10)
4 4 4 11579 (h1: 6)
4 4 4 11579 (h2: 6)
4 4 4 13320 (h1: 6)
4 4 4 14064 (h1: 5)
4 4 4 14064 (h2: 5)
4 4 4 1611 (h1: 4)
4 4 4 1611 (h2: 4)
4 4 4 17232 (h1: 6)
4 4 4 17232 (h2: 6)
4 4 4 25522 (h1: 5)
4 4 4 25522 (h2: 5)
4 4 4 25820 (h2: 5)
4 4 4 26508 (h2: 5)
4 4 4 2835 (h1: 7)
4 4 4 2835 (h2: 7)
4 4 4 9524 (h1: 6)
4 4 4 9639 (h1: 5)
4 4 4 9639 (h2: 5)
4 4 8 10019 (h1: 7)
4 4 8 10019 (h1: 7)
4 4 8 10019 (h2: 7)
4 4 8 10019 (h2: 7)
4 4 8 12901 (h1: 9)
4 4 8 12901 (h2: 9)
4 4 8 17301 (h1: 9)
4 4 8 17301 (h2: 9)
4 4 8 17998 (h2: 10)
4 4 8 19156 (h1: 8)
4 4 8 19156 (h2: 8)
4 4 8 20112 (h1: 8)
4 4 8 21593 (h1: 9)
4 4 8 22108 (h2: 9)
4 4 8 22780 (h2: 8)
4 4 8 23041 (h1: 8)
4 4 8 23041 (h2: 8)
4 4 8 24658 (h1: 8)
4 4 8 26632 (h1: 8)
4 4 8 28676 (h1: 7)
4 4 8 28676 (h2: 7)
4 4 8 2955 (h1: 9)
4 4 8 31369 (h1: 9)
4 4 8 4677 (h1: 9)
4 4 8 4677 (h2: 9)
4 4 8 4927 (h2: 7)
4 4 8 5649 (h1: 7)
4 4 8 5649 (h2: 7)
4 4 8 7834 (h1: 7)
4 4 8 7834 (h2: 7)
8 8 10 10366 (h1: 17)
8 8 10 10366 (h2: 16)
8 8 10 13138 (h1: 19)
8 8 10 13439 (h2: 17)
8 8 10 13765 (h1: 21)
8 8 10 13992 (h2: 18)
8 8 10 14350 (h1: 19)
8 8 10 15850 (h2: 18)
8 8 10 16457 (h2: 19)
8 8 10 19856 (h2: 19)
8 8 10 20352 (h2: 22)
8 8 10 20571 (h2: 18)
8 8 10 22262 (h2: 18)
8 8 10 22774 (h2: 20)
8 8 10 24320 (h1: 19)
8 8 10 24633 (h1: 20)
8 8 10 27756 (h2: 20)
8 8 10 30292 (h1: 20)
8 8 10 3083 (h2: 18)
8 8 10 3113 (h1: 21)
8 8 10 3358 (h1: 21)
8 8 10 3358 (h2: 21)
8 8 10 3821 (h1: 18)
8 8 10 5659 (h1: 20)
8 8 10 5659 (h2: 19)
8 8 10 5674 (h1: 18)
8 8 16 14476 (h2: 22)
8 8 16 21413 (h1: 26)
8 8 16 22007 (h1: 28)
8 8 16 22007 (h2: 28)
8 8 16 24721 (h1: 28)
8 8 16 24721 (h2: 28)
8 8 16 25688 (h2: 24)
8 8 16 32360 (h2: 26)
8 8 16 4205 (h1: 24)
8 8 16 5987 (h2: 25)
8 8 16 721 (h2: 27)
8 8 16 8509 (h2: 24)
8 8 16 8998 (h2: 24)
8 8 4 11036 (h2: 8)
8 8 4 11154 (h2: 10)
8 8 4 12695 (h2: 9)
8 8 4 137 (h1: 10)
8 8 4 137 (h2: 10)
8 8 4 15454 (h1: 8)
8 8 4 16065 (h1: 9)
8 8 4 16721 (h2: 9)
8 8 4 17457 (h2: 10)
8 8 4 18390 (h2: 10)
8 8 4 18416 (h2: 9)
8 8 4 19768 (h2: 10)
8 8 4 20348 (h2: 10)
8 8 4 22393 (h1: 10)
8 8 4 23132 (h2: 10)
8 8 4 23741 (h1: 9)
8 8 4 24629 (h2: 8)
8 8 4 25573 (h1: 6)
8 8 4 2594 (h2: 10)
8 8 4 27070 (h2: 9)
8 8 4 27841 (h1: 9)
8 8 4 30356 (h2: 10)
8 8 4 3432 (h2: 9)
8 8 4 3813 (h2: 9)
8 8 4 4010 (h2: 9)
8 8 4 4243 (h2: 7)
8 8 4 5895 (h2: 10)
8 8 4 7902 (h1: 9)
8 8 4 7902 (h2: 9)
8 8 4 8800 (h2: 9)
8 8 4 9400 (h2: 11)
8 8 8 10174 (h1: 16)
8 8 8 1081 (h2: 16)
8 8 8 12147 (h2: 16)
8 8 8 14142 (h2: 15)
8 8 8 15843 (h2: 19)
8 8 8 15926 (h2: 16)
8 8 8 17466 (h1: 19)
8 8 8 17466 (h2: 17)
8 8 8 18847 (h1: 16)
8 8 8 18847 (h2: 16)
8 8 8 21161 (h2: 18)
8 8 8 22073 (h1: 19)
8 8 8 22137 (h1: 16)
8 8 8 22539 (h2: 18)
8 8 8 22587 (h1: 17)
8 8 8 25730 (h2: 17)
8 8 8 27212 (h2: 18)
8 8 8 27763 (h2: 15)
8 8 8 28275 (h1: 17)
8 8 8 30297 (h2: 15)
8 8 8 30606 (h2: 17)
8 8 8 4983 (h1: 18)
8 8 8 4983 (h2: 18)
8 8 8 5201 (h2: 16)
8 8 8 5384 (h2: 17)
8 8 8 7086 (h1: 18)
8 8 8 9756 (h1: 15)
16 16 10 32616 (h2: 42)
16 16 10 6780 (h2: 39)
16 16 4 13965 (h1: 15)
16 16 4 14363 (h2: 15)
16 16 4 14531 (h2: 15)
16 16 4 14836 (h2: 20)
16 16 4 17640 (h2: 21)
16 16 4 18264 (h1: 18)
16 16 4 29199 (h2: 15)
16 16 4 3692 (h2: 15)
16 16 4 4421 (h1: 17)
16 16 4 8795 (h2: 16)
16 16 4 9696 (h2: 17)
32 32 4 11862 (h2: 31)
32 32 4 19445 (h2: 31)
32 32 4 24151 (h2: 36)
32 32 4 26052 (h2: 34)
32 32 4 27565 (h1: 34)
