3 3 8 26909 (h1: 5)
3 3 8 26909 (h2: 5)
4 4 10 14295 (h2: 8)
4 4 10 15795 (h1: 10)
4 4 10 15795 (h2: 10)
4 4 10 20490 (h1: 10)
4 4 10 20490 (h2: 10)
4 4 10 29581 (h1: 9)
4 4 10 4049 (h1: 8)
4 4 10 4049 (h2: 8)
4 4 16 1235 (h1: 10)
4 4 4 13848 (h2: 6)
4 4 4 17004 (h1: 6)
4 4 4 23024 (h1: 6)
4 4 4 25453 (h2: 5)
4 4 4 2597 (h1: 6)
4 4 4 27649 (h1: 7)
4 4 4 27649 (h2: 7)
4 4 4 6629 (h1: 6)
4 4 4 6629 (h1: 6)
4 4 8 20898 (h1: 8)
4 4 8 22414 (h2: 8)
4 4 8 27865 (h1: 8)
4 4 8 6846 (h1: 8)
4 4 8 6846 (h2: 8)
4 4 8 934 (h1: 8)
4 4 8 934 (h2: 8)
4 4 8 9699 (h1: 9)
4 4 8 9699 (h2: 9)
8 8 10 19467 (h1: 21)
8 8 10 28993 (h2: 19)
8 8 10 7105 (h2: 20)
8 8 4 11513 (h2: 7)
8 8 4 12332 (h2: 9)
8 8 4 12593 (h2: 9)
8 8 4 13507 (h1: 9)
8 8 4 13507 (h2: 9)
8 8 4 15307 (h2: 8)
8 8 4 15554 (h2: 11)
8 8 4 15903 (h2: 8)
8 8 4 17156 (h1: 9)
8 8 4 17203 (h2: 8)
8 8 4 17614 (h1: 10)
8 8 4 17614 (h2: 10)
8 8 4 19677 (h1: 7)
8 8 4 20183 (h2: 10)
8 8 4 21208 (h2: 8)
8 8 4 21352 (h1: 10)
8 8 4 21352 (h2: 10)
8 8 4 21946 (h1: 11)
8 8 4 21946 (h2: 11)
8 8 4 22652 (h1: 10)
8 8 4 22791 (h2: 9)
8 8 4 22893 (h2: 9)
8 8 4 25309 (h2: 7)
8 8 4 26112 (h2: 10)
8 8 4 30518 (h2: 8)
8 8 4 3970 (h1: 12)
8 8 4 496 (h2: 9)
8 8 4 5020 (h1: 8)
8 8 4 5427 (h1: 9)
8 8 4 5427 (h2: 9)
8 8 4 74 (h2: 9)
8 8 4 8073 (h1: 10)
8 8 4 853 (h1: 8)
8 8 4 9982 (h2: 9)
8 8 8 1111 (h2: 19)
8 8 8 11191 (h2: 17)
8 8 8 15190 (h1: 15)
8 8 8 15820 (h2: 17)
8 8 8 20926 (h2: 13)
8 8 8 5956 (h2: 15)
8 8 8 8458 (h2: 17)
16 16 4 12080 (h2: 15)
16 16 4 17382 (h2: 18)
16 16 4 19519 (h2: 18)
16 16 4 20629 (h2: 14)
16 16 4 22277 (h2: 17)
16 16 4 23645 (h2: 16)
16 16 4 24852 (h2: 16)
16 16 4 28245 (h2: 17)
16 16 4 3916 (h2: 18)
16 16 4 5514 (h2: 16)
16 16 8 1142 (h2: 29)
16 16 8 18339 (h2: 34)
16 16 8 7218 (h2: 35)
32 32 4 6052 (h2: 30)
3 3 4 20010 (h1: 4)
3 3 4 20010 (h2: 4)
3 3 4 5987 (h1: 5)
3 3 4 5987 (h2: 5)
3 3 8 20411 (h1: 4)
4 4 10 13182 (h1: 8)
4 4 10 15113 (h1: 8)
4 4 10 15113 (h2: 8)
4 4 10 17622 (h1: 9)
4 4 10 17622 (h2: 9)
4 4 10 26074 (h1: 9)
4 4 10 26074 (h2: 9)
4 4 10 29580 (h1: 10)
4 4 10 29580 (h2: 10)
4 4 10 30396 (h1: 9)
4 4 10 30396 (h2: 9)
4 4 10 4203 (h1: 10)
4 4 10 4203 (h2: 10)
4 4 16 4021 (h1: 10)
4 4 16 4021 (h2: 10)
4 4 4 12924 (h1: 5)
4 4 4 19886 (h2: 5)
4 4 4 25409 (h1: 5)
4 4 4 25409 (h2: 5)
4 4 4 25453 (h2: 5)
4 4 4 27649 (h1: 7)
4 4 4 27649 (h2: 7)
4 4 4 4016 (h1: 6)
4 4 4 4016 (h2: 6)
4 4 4 8294 (h2: 5)
4 4 4 8672 (h1: 5)
4 4 4 8672 (h2: 5)
4 4 8 22013 (h1: 9)
4 4 8 7793 (h1: 8)
4 4 8 7793 (h2: 8)
8 8 10 15701 (h1: 20)
8 8 10 19677 (h2: 18)
8 8 10 21121 (h2: 20)
8 8 10 25173 (h2: 18)
8 8 10 25636 (h2: 19)
8 8 10 28473 (h2: 20)
8 8 10 31628 (h2: 18)
8 8 10 5599 (h2: 17)
8 8 16 14392 (h2: 24)
8 8 16 25031 (h2: 24)
8 8 16 2700 (h2: 23)
8 8 16 27020 (h2: 23)
8 8 4 10041 (h1: 10)
8 8 4 1093 (h1: 9)
8 8 4 11071 (h2: 10)
8 8 4 11355 (h1: 10)
8 8 4 11355 (h2: 10)
8 8 4 12332 (h2: 9)
8 8 4 12400 (h1: 10)
8 8 4 13881 (h2: 9)
8 8 4 13936 (h2: 8)
8 8 4 15605 (h1: 9)
8 8 4 15605 (h2: 9)
8 8 4 16964 (h1: 9)
8 8 4 20245 (h1: 7)
8 8 4 20245 (h2: 7)
8 8 4 2025 (h1: 9)
8 8 4 2025 (h2: 9)
8 8 4 21823 (h2: 10)
8 8 4 21975 (h2: 7)
8 8 4 22199 (h1: 8)
8 8 4 22199 (h2: 8)
8 8 4 22366 (h1: 9)
8 8 4 23926 (h1: 7)
8 8 4 24376 (h2: 8)
8 8 4 26014 (h2: 8)
8 8 4 2639 (h1: 10)
8 8 4 26762 (h2: 8)
8 8 4 28291 (h2: 9)
8 8 4 30577 (h2: 11)
8 8 4 30613 (h2: 9)
8 8 4 30711 (h2: 10)
8 8 4 3085 (h2: 10)
8 8 4 31339 (h1: 8)
8 8 4 31339 (h2: 8)
8 8 4 3320 (h2: 10)
8 8 4 3559 (h2: 10)
8 8 4 4900 (h2: 8)
8 8 4 4986 (h1: 8)
8 8 4 4986 (h1: 8)
8 8 4 5030 (h2: 8)
8 8 4 5949 (h2: 8)
8 8 4 5988 (h1: 10)
8 8 4 6183 (h1: 10)
8 8 4 829 (h2: 8)
8 8 4 8665 (h1: 10)
8 8 8 14824 (h2: 15)
8 8 8 1489 (h2: 16)
8 8 8 15610 (h2: 14)
8 8 8 20262 (h2: 19)
8 8 8 23461 (h1: 17)
8 8 8 23461 (h2: 17)
8 8 8 28248 (h1: 16)
8 8 8 29853 (h1: 17)
8 8 8 31307 (h2: 15)
8 8 8 31586 (h2: 15)
8 8 8 6033 (h2: 16)
8 8 8 632 (h2: 17)
16 16 4 1199 (h2: 17)
16 16 4 12747 (h2: 19)
16 16 4 16762 (h2: 16)
16 16 4 17784 (h2: 18)
16 16 4 20739 (h2: 16)
16 16 4 25688 (h2: 18)
16 16 4 29043 (h2: 17)
16 16 4 3595 (h2: 19)
16 16 4 4552 (h2: 20)
16 16 4 8715 (h2: 17)
16 16 8 2925 (h2: 29)
3 3 4 30001 (h1: 4)
3 3 4 30001 (h2: 4)
3 3 8 12831 (h1: 5)
3 3 8 12831 (h2: 5)
3 3 8 12891 (h1: 4)
3 3 8 7096 (h1: 5)
3 3 8 7096 (h2: 5)
4 4 10 11135 (h1: 7)
4 4 10 11135 (h2: 7)
4 4 10 11196 (h1: 9)
4 4 10 11196 (h2: 9)
4 4 10 18982 (h1: 10)
4 4 10 18982 (h2: 10)
4 4 10 21895 (h1: 8)
4 4 10 26585 (h1: 10)
4 4 10 26585 (h2: 10)
4 4 10 27139 (h1: 8)
4 4 10 27139 (h2: 8)
4 4 10 27793 (h2: 9)
4 4 16 15048 (h1: 10)
4 4 16 15048 (h2: 10)
4 4 16 21518 (h1: 10)
4 4 16 21518 (h2: 10)
4 4 16 27610 (h1: 10)
4 4 16 27610 (h2: 10)
4 4 4 1089 (h2: 6)
4 4 4 1293 (h2: 5)
4 4 4 19021 (h1: 6)
4 4 4 22962 (h1: 5)
4 4 4 27765 (h1: 5)
4 4 4 2845 (h1: 6)
4 4 4 2845 (h2: 6)
4 4 4 5744 (h1: 5)
4 4 4 5744 (h2: 5)
4 4 4 7524 (h1: 5)
4 4 8 1420 (h1: 9)
4 4 8 1420 (h2: 9)
4 4 8 16874 (h2: 7)
4 4 8 25928 (h1: 7)
4 4 8 25928 (h2: 7)
4 4 8 3722 (h1: 9)
4 4 8 3722 (h2: 9)
4 4 8 8603 (h1: 9)
4 4 8 8603 (h2: 9)
8 8 10 10192 (h2: 18)
8 8 10 17877 (h1: 20)
8 8 10 23653 (h2: 20)
8 8 10 23660 (h1: 19)
8 8 10 23660 (h2: 19)
8 8 10 27684 (h2: 22)
8 8 10 5660 (h2: 18)
8 8 16 15390 (h2: 22)
8 8 16 18644 (h2: 24)
8 8 4 1044 (h2: 9)
8 8 4 11514 (h2: 10)
8 8 4 1276 (h2: 10)
8 8 4 12898 (h1: 10)
8 8 4 12898 (h2: 10)
8 8 4 1488 (h1: 9)
8 8 4 15559 (h1: 10)
8 8 4 15559 (h2: 10)
8 8 4 16082 (h2: 10)
8 8 4 17637 (h2: 9)
8 8 4 20457 (h2: 8)
8 8 4 21566 (h2: 11)
8 8 4 22549 (h2: 10)
8 8 4 25045 (h2: 9)
8 8 4 27315 (h2: 10)
8 8 4 27654 (h1: 10)
8 8 4 27654 (h2: 10)
8 8 4 27719 (h1: 8)
8 8 4 27719 (h2: 8)
8 8 4 27919 (h1: 11)
8 8 4 27919 (h2: 11)
8 8 4 28078 (h2: 10)
8 8 4 28536 (h1: 7)
8 8 4 28567 (h2: 8)
8 8 4 29660 (h2: 8)
8 8 4 30049 (h2: 8)
8 8 4 30239 (h1: 9)
8 8 4 31396 (h2: 10)
8 8 4 3259 (h1: 11)
8 8 4 3259 (h2: 10)
8 8 4 3360 (h1: 10)
8 8 4 3360 (h2: 10)
8 8 4 3612 (h2: 10)
8 8 4 7576 (h2: 11)
8 8 4 914 (h2: 8)
8 8 8 10087 (h1: 17)
8 8 8 10087 (h2: 17)
8 8 8 16149 (h2: 18)
8 8 8 18904 (h2: 18)
8 8 8 19447 (h2: 16)
8 8 8 22319 (h2: 18)
8 8 8 23399 (h2: 15)
8 8 8 25477 (h2: 16)
8 8 8 26199 (h2: 16)
8 8 8 26728 (h2: 16)
8 8 8 28639 (h2: 16)
8 8 8 29967 (h2: 18)
8 8 8 5152 (h2: 16)
8 8 8 6808 (h2: 19)
8 8 8 8012 (h1: 16)
8 8 8 8375 (h2: 17)
16 16 4 14252 (h2: 16)
16 16 4 14293 (h2: 17)
16 16 4 15621 (h1: 17)
16 16 4 15621 (h2: 16)
16 16 4 16716 (h2: 15)
16 16 4 17018 (h2: 17)
16 16 4 18172 (h2: 15)
16 16 4 20105 (h2: 16)
16 16 4 22607 (h2: 16)
16 16 4 25922 (h2: 18)
16 16 4 26202 (h2: 16)
16 16 4 27227 (h2: 17)
16 16 4 28222 (h2: 16)
16 16 4 31677 (h2: 17)
16 16 4 32428 (h2: 16)
16 16 4 5418 (h2: 17)
32 32 4 5482 (h2: 34)
